------------------------------------------------------------
Timing Analyzer Summary
------------------------------------------------------------

Type  : Slow 1100mV 85C Model Setup 'clk'
Slack : 17.557
TNS   : 0.000

Type  : Slow 1100mV 85C Model Hold 'clk'
Slack : 0.378
TNS   : 0.000

Type  : Slow 1100mV 85C Model Minimum Pulse Width 'clk'
Slack : 9.395
TNS   : 0.000

Type  : Slow 1100mV 0C Model Setup 'clk'
Slack : 17.431
TNS   : 0.000

Type  : Slow 1100mV 0C Model Hold 'clk'
Slack : 0.376
TNS   : 0.000

Type  : Slow 1100mV 0C Model Minimum Pulse Width 'clk'
Slack : 9.312
TNS   : 0.000

Type  : Fast 1100mV 85C Model Setup 'clk'
Slack : 18.650
TNS   : 0.000

Type  : Fast 1100mV 85C Model Hold 'clk'
Slack : 0.200
TNS   : 0.000

Type  : Fast 1100mV 85C Model Minimum Pulse Width 'clk'
Slack : 9.417
TNS   : 0.000

Type  : Fast 1100mV 0C Model Setup 'clk'
Slack : 18.668
TNS   : 0.000

Type  : Fast 1100mV 0C Model Hold 'clk'
Slack : 0.190
TNS   : 0.000

Type  : Fast 1100mV 0C Model Minimum Pulse Width 'clk'
Slack : 9.418
TNS   : 0.000

------------------------------------------------------------
