------------------------------------------------------------
Timing Analyzer Summary
------------------------------------------------------------

Type  : Slow 1100mV 85C Model Setup 'clk'
Slack : 12.433
TNS   : 0.000

Type  : Slow 1100mV 85C Model Hold 'clk'
Slack : 0.282
TNS   : 0.000

Type  : Slow 1100mV 85C Model Minimum Pulse Width 'clk'
Slack : 9.393
TNS   : 0.000

Type  : Slow 1100mV 0C Model Setup 'clk'
Slack : 12.350
TNS   : 0.000

Type  : Slow 1100mV 0C Model Hold 'clk'
Slack : 0.264
TNS   : 0.000

Type  : Slow 1100mV 0C Model Minimum Pulse Width 'clk'
Slack : 9.313
TNS   : 0.000

Type  : Fast 1100mV 85C Model Setup 'clk'
Slack : 15.481
TNS   : 0.000

Type  : Fast 1100mV 85C Model Hold 'clk'
Slack : 0.143
TNS   : 0.000

Type  : Fast 1100mV 85C Model Minimum Pulse Width 'clk'
Slack : 9.416
TNS   : 0.000

Type  : Fast 1100mV 0C Model Setup 'clk'
Slack : 15.839
TNS   : 0.000

Type  : Fast 1100mV 0C Model Hold 'clk'
Slack : 0.133
TNS   : 0.000

Type  : Fast 1100mV 0C Model Minimum Pulse Width 'clk'
Slack : 9.415
TNS   : 0.000

------------------------------------------------------------
